[2024-04-09T12:40:04.133+0000][gc,init] CardTable entry size: 512
[2024-04-09T12:40:04.133+0000][gc     ] Using G1
[2024-04-09T12:40:04.167+0000][gc,init] Version: 21.0.2+13-LTS (release)
[2024-04-09T12:40:04.167+0000][gc,init] CPUs: 2 total, 2 available
[2024-04-09T12:40:04.167+0000][gc,init] Memory: 7929M
[2024-04-09T12:40:04.167+0000][gc,init] Large Page Support: Disabled
[2024-04-09T12:40:04.167+0000][gc,init] NUMA Support: Disabled
[2024-04-09T12:40:04.167+0000][gc,init] Compressed Oops: Enabled (32-bit)
[2024-04-09T12:40:04.167+0000][gc,init] Heap Region Size: 1M
[2024-04-09T12:40:04.167+0000][gc,init] Heap Min Capacity: 1G
[2024-04-09T12:40:04.167+0000][gc,init] Heap Initial Capacity: 1G
[2024-04-09T12:40:04.167+0000][gc,init] Heap Max Capacity: 1G
[2024-04-09T12:40:04.167+0000][gc,init] Pre-touch: Disabled
[2024-04-09T12:40:04.167+0000][gc,init] Parallel Workers: 2
[2024-04-09T12:40:04.167+0000][gc,init] Concurrent Workers: 1
[2024-04-09T12:40:04.167+0000][gc,init] Concurrent Refinement Workers: 2
[2024-04-09T12:40:04.167+0000][gc,init] Periodic GC: Disabled
[2024-04-09T12:40:04.175+0000][gc,metaspace] CDS archive(s) mapped at: [0x00007f037b000000-0x00007f037bca6000-0x00007f037bca6000), size 13262848, SharedBaseAddress: 0x00007f037b000000, ArchiveRelocationMode: 1.
[2024-04-09T12:40:04.175+0000][gc,metaspace] Compressed class space mapped at: 0x00007f037c000000-0x00007f03bc000000, reserved size: 1073741824
[2024-04-09T12:40:04.175+0000][gc,metaspace] Narrow klass base: 0x00007f037b000000, Narrow klass shift: 0, Narrow klass range: 0x100000000
[2024-04-09T12:40:05.587+0000][gc,start    ] GC(0) Pause Young (Normal) (G1 Evacuation Pause)
[2024-04-09T12:40:05.587+0000][gc,task     ] GC(0) Using 2 workers of 2 for evacuation
[2024-04-09T12:40:05.602+0000][gc,phases   ] GC(0)   Pre Evacuate Collection Set: 0.2ms
[2024-04-09T12:40:05.602+0000][gc,phases   ] GC(0)   Merge Heap Roots: 0.1ms
[2024-04-09T12:40:05.602+0000][gc,phases   ] GC(0)   Evacuate Collection Set: 13.5ms
[2024-04-09T12:40:05.602+0000][gc,phases   ] GC(0)   Post Evacuate Collection Set: 0.6ms
[2024-04-09T12:40:05.602+0000][gc,phases   ] GC(0)   Other: 0.2ms
[2024-04-09T12:40:05.602+0000][gc,heap     ] GC(0) Eden regions: 51->0(44)
[2024-04-09T12:40:05.602+0000][gc,heap     ] GC(0) Survivor regions: 0->7(7)
[2024-04-09T12:40:05.602+0000][gc,heap     ] GC(0) Old regions: 2->3
[2024-04-09T12:40:05.602+0000][gc,heap     ] GC(0) Humongous regions: 0->0
[2024-04-09T12:40:05.602+0000][gc,metaspace] GC(0) Metaspace: 18152K(18368K)->18152K(18368K) NonClass: 16087K(16192K)->16087K(16192K) Class: 2065K(2176K)->2065K(2176K)
[2024-04-09T12:40:05.602+0000][gc          ] GC(0) Pause Young (Normal) (G1 Evacuation Pause) 52M->8M(1024M) 14.904ms
[2024-04-09T12:40:05.602+0000][gc,cpu      ] GC(0) User=0.02s Sys=0.00s Real=0.01s
[2024-04-09T12:40:05.837+0000][gc,start    ] GC(1) Pause Young (Concurrent Start) (Metadata GC Threshold)
[2024-04-09T12:40:05.837+0000][gc,task     ] GC(1) Using 2 workers of 2 for evacuation
[2024-04-09T12:40:05.847+0000][gc,phases   ] GC(1)   Pre Evacuate Collection Set: 0.2ms
[2024-04-09T12:40:05.847+0000][gc,phases   ] GC(1)   Merge Heap Roots: 0.0ms
[2024-04-09T12:40:05.847+0000][gc,phases   ] GC(1)   Evacuate Collection Set: 9.7ms
[2024-04-09T12:40:05.847+0000][gc,phases   ] GC(1)   Post Evacuate Collection Set: 0.6ms
[2024-04-09T12:40:05.847+0000][gc,phases   ] GC(1)   Other: 0.1ms
[2024-04-09T12:40:05.847+0000][gc,heap     ] GC(1) Eden regions: 13->0(50)
[2024-04-09T12:40:05.847+0000][gc,heap     ] GC(1) Survivor regions: 7->1(7)
[2024-04-09T12:40:05.847+0000][gc,heap     ] GC(1) Old regions: 3->10
[2024-04-09T12:40:05.847+0000][gc,heap     ] GC(1) Humongous regions: 0->0
[2024-04-09T12:40:05.847+0000][gc,metaspace] GC(1) Metaspace: 21309K(21504K)->21309K(21504K) NonClass: 18834K(18944K)->18834K(18944K) Class: 2475K(2560K)->2475K(2560K)
[2024-04-09T12:40:05.847+0000][gc          ] GC(1) Pause Young (Concurrent Start) (Metadata GC Threshold) 21M->9M(1024M) 10.862ms
[2024-04-09T12:40:05.847+0000][gc,cpu      ] GC(1) User=0.02s Sys=0.00s Real=0.01s
[2024-04-09T12:40:05.848+0000][gc          ] GC(2) Concurrent Mark Cycle
[2024-04-09T12:40:05.848+0000][gc,marking  ] GC(2) Concurrent Scan Root Regions
[2024-04-09T12:40:05.852+0000][gc,marking  ] GC(2) Concurrent Scan Root Regions 4.016ms
[2024-04-09T12:40:05.852+0000][gc,marking  ] GC(2) Concurrent Mark
[2024-04-09T12:40:05.852+0000][gc,marking  ] GC(2) Concurrent Mark From Roots
[2024-04-09T12:40:05.852+0000][gc,task     ] GC(2) Using 1 workers of 1 for marking
[2024-04-09T12:40:05.857+0000][gc,marking  ] GC(2) Concurrent Mark From Roots 4.917ms
[2024-04-09T12:40:05.857+0000][gc,marking  ] GC(2) Concurrent Preclean
[2024-04-09T12:40:05.857+0000][gc,marking  ] GC(2) Concurrent Preclean 0.016ms
[2024-04-09T12:40:05.861+0000][gc,start    ] GC(2) Pause Remark
[2024-04-09T12:40:05.865+0000][gc          ] GC(2) Pause Remark 10M->10M(1024M) 4.183ms
[2024-04-09T12:40:05.865+0000][gc,cpu      ] GC(2) User=0.01s Sys=0.00s Real=0.01s
[2024-04-09T12:40:05.865+0000][gc,marking  ] GC(2) Concurrent Mark 13.529ms
[2024-04-09T12:40:05.865+0000][gc,marking  ] GC(2) Concurrent Rebuild Remembered Sets and Scrub Regions
[2024-04-09T12:40:05.870+0000][gc,marking  ] GC(2) Concurrent Rebuild Remembered Sets and Scrub Regions 5.081ms
[2024-04-09T12:40:05.872+0000][gc,start    ] GC(2) Pause Cleanup
[2024-04-09T12:40:05.872+0000][gc          ] GC(2) Pause Cleanup 10M->10M(1024M) 0.405ms
[2024-04-09T12:40:05.872+0000][gc,cpu      ] GC(2) User=0.00s Sys=0.00s Real=0.00s
[2024-04-09T12:40:05.872+0000][gc,marking  ] GC(2) Concurrent Clear Claimed Marks
[2024-04-09T12:40:05.872+0000][gc,marking  ] GC(2) Concurrent Clear Claimed Marks 0.029ms
[2024-04-09T12:40:05.872+0000][gc,marking  ] GC(2) Concurrent Cleanup for Next Mark
[2024-04-09T12:40:05.884+0000][gc,marking  ] GC(2) Concurrent Cleanup for Next Mark 11.830ms
[2024-04-09T12:40:05.884+0000][gc          ] GC(2) Concurrent Mark Cycle 36.432ms
[2024-04-09T12:40:06.820+0000][gc,start    ] GC(3) Pause Young (Prepare Mixed) (G1 Evacuation Pause)
[2024-04-09T12:40:06.820+0000][gc,task     ] GC(3) Using 2 workers of 2 for evacuation
[2024-04-09T12:40:06.830+0000][gc,phases   ] GC(3)   Pre Evacuate Collection Set: 0.2ms
[2024-04-09T12:40:06.830+0000][gc,phases   ] GC(3)   Merge Heap Roots: 0.1ms
[2024-04-09T12:40:06.830+0000][gc,phases   ] GC(3)   Evacuate Collection Set: 8.8ms
[2024-04-09T12:40:06.830+0000][gc,phases   ] GC(3)   Post Evacuate Collection Set: 0.5ms
[2024-04-09T12:40:06.830+0000][gc,phases   ] GC(3)   Other: 0.1ms
[2024-04-09T12:40:06.830+0000][gc,heap     ] GC(3) Eden regions: 50->0(44)
[2024-04-09T12:40:06.830+0000][gc,heap     ] GC(3) Survivor regions: 1->7(7)
[2024-04-09T12:40:06.830+0000][gc,heap     ] GC(3) Old regions: 10->10
[2024-04-09T12:40:06.830+0000][gc,heap     ] GC(3) Humongous regions: 129->129
[2024-04-09T12:40:06.830+0000][gc,metaspace] GC(3) Metaspace: 33235K(33536K)->33235K(33536K) NonClass: 29613K(29760K)->29613K(29760K) Class: 3621K(3776K)->3621K(3776K)
[2024-04-09T12:40:06.830+0000][gc          ] GC(3) Pause Young (Prepare Mixed) (G1 Evacuation Pause) 188M->143M(1024M) 9.825ms
[2024-04-09T12:40:06.830+0000][gc,cpu      ] GC(3) User=0.02s Sys=0.00s Real=0.01s
[2024-04-09T12:40:07.051+0000][gc,start    ] GC(4) Pause Young (Mixed) (Metadata GC Threshold)
[2024-04-09T12:40:07.051+0000][gc,task     ] GC(4) Using 2 workers of 2 for evacuation
[2024-04-09T12:40:07.059+0000][gc,phases   ] GC(4)   Pre Evacuate Collection Set: 0.2ms
[2024-04-09T12:40:07.059+0000][gc,phases   ] GC(4)   Merge Heap Roots: 0.0ms
[2024-04-09T12:40:07.059+0000][gc,phases   ] GC(4)   Evacuate Collection Set: 7.6ms
[2024-04-09T12:40:07.059+0000][gc,phases   ] GC(4)   Post Evacuate Collection Set: 0.4ms
[2024-04-09T12:40:07.059+0000][gc,phases   ] GC(4)   Other: 0.1ms
[2024-04-09T12:40:07.059+0000][gc,heap     ] GC(4) Eden regions: 12->0(50)
[2024-04-09T12:40:07.059+0000][gc,heap     ] GC(4) Survivor regions: 7->1(7)
[2024-04-09T12:40:07.059+0000][gc,heap     ] GC(4) Old regions: 10->15
[2024-04-09T12:40:07.060+0000][gc,heap     ] GC(4) Humongous regions: 129->129
[2024-04-09T12:40:07.060+0000][gc,metaspace] GC(4) Metaspace: 35755K(35968K)->35755K(35968K) NonClass: 31823K(31936K)->31823K(31936K) Class: 3932K(4032K)->3932K(4032K)
[2024-04-09T12:40:07.060+0000][gc          ] GC(4) Pause Young (Mixed) (Metadata GC Threshold) 155M->144M(1024M) 8.639ms
[2024-04-09T12:40:07.060+0000][gc,cpu      ] GC(4) User=0.01s Sys=0.00s Real=0.01s
[2024-04-09T12:40:07.079+0000][gc,start    ] GC(5) Pause Young (Concurrent Start) (Metadata GC Threshold)
[2024-04-09T12:40:07.079+0000][gc,task     ] GC(5) Using 2 workers of 2 for evacuation
[2024-04-09T12:40:07.081+0000][gc,phases   ] GC(5)   Pre Evacuate Collection Set: 0.2ms
[2024-04-09T12:40:07.081+0000][gc,phases   ] GC(5)   Merge Heap Roots: 0.0ms
[2024-04-09T12:40:07.081+0000][gc,phases   ] GC(5)   Evacuate Collection Set: 1.4ms
[2024-04-09T12:40:07.081+0000][gc,phases   ] GC(5)   Post Evacuate Collection Set: 0.3ms
[2024-04-09T12:40:07.081+0000][gc,phases   ] GC(5)   Other: 0.1ms
[2024-04-09T12:40:07.081+0000][gc,heap     ] GC(5) Eden regions: 1->0(50)
[2024-04-09T12:40:07.081+0000][gc,heap     ] GC(5) Survivor regions: 1->1(7)
[2024-04-09T12:40:07.081+0000][gc,heap     ] GC(5) Old regions: 15->15
[2024-04-09T12:40:07.081+0000][gc,heap     ] GC(5) Humongous regions: 129->129
[2024-04-09T12:40:07.081+0000][gc,metaspace] GC(5) Metaspace: 36011K(36288K)->36011K(36288K) NonClass: 32047K(32192K)->32047K(32192K) Class: 3964K(4096K)->3964K(4096K)
[2024-04-09T12:40:07.081+0000][gc          ] GC(5) Pause Young (Concurrent Start) (Metadata GC Threshold) 145M->144M(1024M) 2.320ms
[2024-04-09T12:40:07.081+0000][gc,cpu      ] GC(5) User=0.00s Sys=0.00s Real=0.00s
[2024-04-09T12:40:07.081+0000][gc          ] GC(6) Concurrent Mark Cycle
[2024-04-09T12:40:07.081+0000][gc,marking  ] GC(6) Concurrent Scan Root Regions
[2024-04-09T12:40:07.085+0000][gc,marking  ] GC(6) Concurrent Scan Root Regions 3.791ms
[2024-04-09T12:40:07.085+0000][gc,marking  ] GC(6) Concurrent Mark
[2024-04-09T12:40:07.085+0000][gc,marking  ] GC(6) Concurrent Mark From Roots
[2024-04-09T12:40:07.085+0000][gc,task     ] GC(6) Using 1 workers of 1 for marking
[2024-04-09T12:40:07.124+0000][gc,marking  ] GC(6) Concurrent Mark From Roots 38.909ms
[2024-04-09T12:40:07.124+0000][gc,marking  ] GC(6) Concurrent Preclean
[2024-04-09T12:40:07.124+0000][gc,marking  ] GC(6) Concurrent Preclean 0.072ms
[2024-04-09T12:40:07.124+0000][gc,start    ] GC(6) Pause Remark
[2024-04-09T12:40:07.128+0000][gc          ] GC(6) Pause Remark 146M->146M(1024M) 3.366ms
[2024-04-09T12:40:07.128+0000][gc,cpu      ] GC(6) User=0.00s Sys=0.01s Real=0.01s
[2024-04-09T12:40:07.128+0000][gc,marking  ] GC(6) Concurrent Mark 42.651ms
[2024-04-09T12:40:07.128+0000][gc,marking  ] GC(6) Concurrent Rebuild Remembered Sets and Scrub Regions
[2024-04-09T12:40:07.141+0000][gc,marking  ] GC(6) Concurrent Rebuild Remembered Sets and Scrub Regions 12.961ms
[2024-04-09T12:40:07.141+0000][gc,start    ] GC(6) Pause Cleanup
[2024-04-09T12:40:07.141+0000][gc          ] GC(6) Pause Cleanup 146M->146M(1024M) 0.227ms
[2024-04-09T12:40:07.141+0000][gc,cpu      ] GC(6) User=0.00s Sys=0.00s Real=0.00s
[2024-04-09T12:40:07.142+0000][gc,marking  ] GC(6) Concurrent Clear Claimed Marks
[2024-04-09T12:40:07.142+0000][gc,marking  ] GC(6) Concurrent Clear Claimed Marks 0.059ms
[2024-04-09T12:40:07.142+0000][gc,marking  ] GC(6) Concurrent Cleanup for Next Mark
[2024-04-09T12:40:07.143+0000][gc,marking  ] GC(6) Concurrent Cleanup for Next Mark 0.860ms
[2024-04-09T12:40:07.143+0000][gc          ] GC(6) Concurrent Mark Cycle 61.539ms
[2024-04-09T12:44:06.134+0000][gc,start    ] GC(7) Pause Young (Prepare Mixed) (G1 Evacuation Pause)
[2024-04-09T12:44:06.134+0000][gc,task     ] GC(7) Using 2 workers of 2 for evacuation
[2024-04-09T12:44:06.145+0000][gc,phases   ] GC(7)   Pre Evacuate Collection Set: 0.2ms
[2024-04-09T12:44:06.145+0000][gc,phases   ] GC(7)   Merge Heap Roots: 0.1ms
[2024-04-09T12:44:06.145+0000][gc,phases   ] GC(7)   Evacuate Collection Set: 9.9ms
[2024-04-09T12:44:06.145+0000][gc,phases   ] GC(7)   Post Evacuate Collection Set: 0.7ms
[2024-04-09T12:44:06.145+0000][gc,phases   ] GC(7)   Other: 0.1ms
[2024-04-09T12:44:06.145+0000][gc,heap     ] GC(7) Eden regions: 50->0(46)
[2024-04-09T12:44:06.145+0000][gc,heap     ] GC(7) Survivor regions: 1->5(7)
[2024-04-09T12:44:06.145+0000][gc,heap     ] GC(7) Old regions: 15->15
[2024-04-09T12:44:06.145+0000][gc,heap     ] GC(7) Humongous regions: 129->129
[2024-04-09T12:44:06.145+0000][gc,metaspace] GC(7) Metaspace: 42406K(43008K)->42406K(43008K) NonClass: 37494K(37824K)->37494K(37824K) Class: 4911K(5184K)->4911K(5184K)
[2024-04-09T12:44:06.145+0000][gc          ] GC(7) Pause Young (Prepare Mixed) (G1 Evacuation Pause) 194M->148M(1024M) 11.164ms
[2024-04-09T12:44:06.145+0000][gc,cpu      ] GC(7) User=0.01s Sys=0.00s Real=0.00s
[2024-04-09T12:54:05.304+0000][gc,start    ] GC(8) Pause Young (Mixed) (G1 Evacuation Pause)
[2024-04-09T12:54:05.304+0000][gc,task     ] GC(8) Using 2 workers of 2 for evacuation
[2024-04-09T12:54:05.315+0000][gc,phases   ] GC(8)   Pre Evacuate Collection Set: 0.2ms
[2024-04-09T12:54:05.315+0000][gc,phases   ] GC(8)   Merge Heap Roots: 0.1ms
[2024-04-09T12:54:05.315+0000][gc,phases   ] GC(8)   Evacuate Collection Set: 10.0ms
[2024-04-09T12:54:05.315+0000][gc,phases   ] GC(8)   Post Evacuate Collection Set: 0.5ms
[2024-04-09T12:54:05.315+0000][gc,phases   ] GC(8)   Other: 0.2ms
[2024-04-09T12:54:05.315+0000][gc,heap     ] GC(8) Eden regions: 46->0(48)
[2024-04-09T12:54:05.315+0000][gc,heap     ] GC(8) Survivor regions: 5->3(7)
[2024-04-09T12:54:05.315+0000][gc,heap     ] GC(8) Old regions: 15->18
[2024-04-09T12:54:05.315+0000][gc,heap     ] GC(8) Humongous regions: 129->0
[2024-04-09T12:54:05.315+0000][gc,metaspace] GC(8) Metaspace: 44123K(44800K)->44123K(44800K) NonClass: 38965K(39360K)->38965K(39360K) Class: 5157K(5440K)->5157K(5440K)
[2024-04-09T12:54:05.315+0000][gc          ] GC(8) Pause Young (Mixed) (G1 Evacuation Pause) 194M->19M(1024M) 11.180ms
[2024-04-09T12:54:05.315+0000][gc,cpu      ] GC(8) User=0.02s Sys=0.00s Real=0.02s
[2024-04-09T12:54:05.324+0000][gc,heap,exit] Heap
[2024-04-09T12:54:05.324+0000][gc,heap,exit]  garbage-first heap   total 1048576K, used 22197K [0x00000000c0000000, 0x0000000100000000)
[2024-04-09T12:54:05.324+0000][gc,heap,exit]   region size 1024K, 5 young (5120K), 3 survivors (3072K)
[2024-04-09T12:54:05.324+0000][gc,heap,exit]  Metaspace       used 44147K, committed 44800K, reserved 1114112K
[2024-04-09T12:54:05.324+0000][gc,heap,exit]   class space    used 5164K, committed 5440K, reserved 1048576K
