[2024-04-09T12:31:19.488+0000][gc,init] CardTable entry size: 512
[2024-04-09T12:31:19.488+0000][gc     ] Using G1
[2024-04-09T12:31:19.494+0000][gc,init] Version: 21.0.2+13-LTS (release)
[2024-04-09T12:31:19.494+0000][gc,init] CPUs: 2 total, 2 available
[2024-04-09T12:31:19.494+0000][gc,init] Memory: 7929M
[2024-04-09T12:31:19.494+0000][gc,init] Large Page Support: Disabled
[2024-04-09T12:31:19.494+0000][gc,init] NUMA Support: Disabled
[2024-04-09T12:31:19.494+0000][gc,init] Compressed Oops: Enabled (32-bit)
[2024-04-09T12:31:19.494+0000][gc,init] Heap Region Size: 1M
[2024-04-09T12:31:19.494+0000][gc,init] Heap Min Capacity: 512M
[2024-04-09T12:31:19.494+0000][gc,init] Heap Initial Capacity: 512M
[2024-04-09T12:31:19.494+0000][gc,init] Heap Max Capacity: 512M
[2024-04-09T12:31:19.494+0000][gc,init] Pre-touch: Disabled
[2024-04-09T12:31:19.494+0000][gc,init] Parallel Workers: 2
[2024-04-09T12:31:19.494+0000][gc,init] Concurrent Workers: 1
[2024-04-09T12:31:19.494+0000][gc,init] Concurrent Refinement Workers: 2
[2024-04-09T12:31:19.494+0000][gc,init] Periodic GC: Disabled
[2024-04-09T12:31:19.501+0000][gc,metaspace] CDS archive(s) mapped at: [0x00007f975b000000-0x00007f975bca6000-0x00007f975bca6000), size 13262848, SharedBaseAddress: 0x00007f975b000000, ArchiveRelocationMode: 1.
[2024-04-09T12:31:19.501+0000][gc,metaspace] Compressed class space mapped at: 0x00007f975c000000-0x00007f979c000000, reserved size: 1073741824
[2024-04-09T12:31:19.501+0000][gc,metaspace] Narrow klass base: 0x00007f975b000000, Narrow klass shift: 0, Narrow klass range: 0x100000000
[2024-04-09T12:31:20.259+0000][gc,heap,exit] Heap
[2024-04-09T12:31:20.259+0000][gc,heap,exit]  garbage-first heap   total 524288K, used 23581K [0x00000000e0000000, 0x0000000100000000)
[2024-04-09T12:31:20.259+0000][gc,heap,exit]   region size 1024K, 22 young (22528K), 0 survivors (0K)
[2024-04-09T12:31:20.259+0000][gc,heap,exit]  Metaspace       used 7735K, committed 7936K, reserved 1114112K
[2024-04-09T12:31:20.259+0000][gc,heap,exit]   class space    used 814K, committed 896K, reserved 1048576K
